// Jest Snapshot v1, https://goo.gl/fbAQLP

exports[`renders the Nav component correctly 1`] = `
<div>
  <nav>
    <a
      href="/"
    >
      <img
        alt="myrecipes logo"
        class="logo"
        src="https://cdn.imgbin.com/5/24/23/imgbin-chef-s-uniform-icon-chef-chef-hat-illustration-jtTMYSpLDGAG8eBgfNTWJP5pP.jpg"
      />
    </a>
    <a
      class="title"
      href="/"
    >
      MyRecipes
    </a>
    <a
      class="navTab"
      href="/category"
    >
      All Category
    </a>
    <a
      class="navTab"
      href="/recipes"
    >
      All Recipes
    </a>
    <a
      class="navTab"
      href="/about"
    >
      About Us
    </a>
    <a
      class="navTab"
      href="/contact"
    >
      Contact Us
    </a>
    <a
      class="login"
      href="/login"
    >
      Login
    </a>
  </nav>
</div>
`;
