// Jest Snapshot v1, https://goo.gl/fbAQLP

exports[`renders the Login component correctly 1`] = `
<div>
  <div>
    <form
      class="contentBox"
    >
      <div
        class="logoBox"
      >
        <img
          alt="myrecipes logo"
          class="logo"
          src="https://cdn.imgbin.com/5/24/23/imgbin-chef-s-uniform-icon-chef-chef-hat-illustration-jtTMYSpLDGAG8eBgfNTWJP5pP.jpg"
        />
      </div>
      <h1
        class="loginTitle"
      >
        Login
      </h1>
      <div
        class="usernameBox"
      >
        <label
          for="username"
        >
          Username: 
        </label>
        <br />
        <input
          class="input"
          id="username"
          name="username"
          placeholder="Please Enter Username"
          required=""
          type="text"
        />
      </div>
      <div
        class="passwordBox"
      >
        <label
          for="password"
        >
          Password: 
        </label>
        <br />
        <input
          class="input"
          id="password"
          name="password"
          placeholder="Please Enter Password"
          required=""
          type="password"
        />
      </div>
      <div
        class="alertBox"
      >
        Dont't have an account?
        <a
          class="registerLink"
          href="/register"
        >
          Register here
        </a>
      </div>
      <input
        class="submit"
        type="submit"
        value="Login in"
      />
    </form>
  </div>
</div>
`;
