// Jest Snapshot v1, https://goo.gl/fbAQLP

exports[`Register tests renders correctly 1`] = `
<div>
  <div>
    <form
      class="contentBox"
    >
      <div
        class="logoBox"
      >
        <img
          alt="myrecipes logo"
          class="logo"
          src="https://cdn.imgbin.com/5/24/23/imgbin-chef-s-uniform-icon-chef-chef-hat-illustration-jtTMYSpLDGAG8eBgfNTWJP5pP.jpg"
        />
      </div>
      <h1
        class="registerTitle"
      >
        Register
      </h1>
      <div
        class="usernameBox"
      >
        <label
          for="username"
        >
          Username: 
        </label>
        <input
          class="input"
          id="username"
          name="username"
          placeholder="Please Enter Username"
          required=""
          type="text"
        />
      </div>
      <div
        class="passwordBox"
      >
        <label
          for="password"
        >
          Password: 
        </label>
        <input
          class="input"
          id="password"
          name="password"
          placeholder="Please Enter Password"
          required=""
          type="password"
        />
         
        <br />
      </div>
      <div
        class="emailBox"
      >
        <label
          for="email"
        >
          Email: 
        </label>
        <input
          class="input"
          id="email"
          name="email"
          placeholder="Please Enter Email Address"
          required=""
          type="email"
        />
        <br />
      </div>
      <p
        class="opTitle"
      >
        Optional
      </p>
      <div
        class="zipcodeBox"
      >
        <label
          for="zipcode"
        >
          Zipcode: 
        </label>
        <input
          class="opinput"
          id="zipcode"
          name="zipcode"
          type="number"
        />
        <br />
      </div>
      <div
        class="phoneBox"
      >
        <label
          for="phone"
        >
          Phone: 
        </label>
        <input
          class="opinput"
          id="phone"
          name="phone"
          type="number"
        />
         
        <br />
      </div>
      <div
        class="genderBox"
      >
        <label
          for="gender"
        >
          Gender: 
        </label>
        <select
          class="dropdown"
          id="genderDropdown"
          name="genderDropdown"
        >
          <option
            value="male"
          >
            Male
          </option>
          <option
            value="female"
          >
            Female
          </option>
          <option
            value="decline"
          >
            Decline to identify
          </option>
        </select>
      </div>
      <div
        class="ageBox"
      >
        <label
          for="age"
        >
          Age: 
        </label>
        <select
          class="dropdown"
          id="ageDropdown"
          name="ageDropdown"
        >
          <option
            value="1"
          >
            1-10
          </option>
          <option
            value="10"
          >
            10-20
          </option>
          <option
            value="20"
          >
            20-30
          </option>
          <option
            value="30"
          >
            30-40
          </option>
          <option
            value="40"
          >
            40-50
          </option>
          <option
            value="50"
          >
            50+
          </option>
        </select>
      </div>
      <div
        class="checkBox"
      >
        <p>
          Interested in
        </p>
        <label
          class="checkItem"
          for="soup"
        >
          Soup
          <input
            class="inputItem"
            name="soup"
            type="checkbox"
          />
        </label>
        <label
          class="checkItem"
          for="appetizer"
        >
          Appetizer
          <input
            class="inputItem"
            name="appetizer"
            type="checkbox"
          />
        </label>
        <label
          class="checkItem"
          for="mainCourse"
        >
          Main Course
          <input
            class="inputItem"
            name="mainCourse"
            type="checkbox"
          />
        </label>
        <label
          class="checkItem"
          for="snack"
        >
          Snack
          <input
            class="inputItem"
            name="snack"
            type="checkbox"
          />
        </label>
        <label
          class="checkItem"
          for="dessert"
        >
          Dessert
          <input
            class="inputItem"
            name="dessert"
            type="checkbox"
          />
        </label>
      </div>
      <input
        class="submit"
        type="submit"
        value="Register"
      />
    </form>
  </div>
</div>
`;
